[ninetheme.com/themes/proland/homepage-mailchimb/index.html]
[ninetheme.com/themes/proland/wp-content/plugins/litespeed-cache/js/webfontloader.min.js]
[use.fontawesome.com/releases/v5.13.0/css/all.css]
[use.fontawesome.com/releases/v5.13.0/css/v4-shims.css]
[ninetheme.com/themes/proland/wp-includes/js/jquery/jquery.js]
[ninetheme.com/themes/proland/min/20901.css]
[backblue.gif]
[fade.gif]
[index.html]
[ninetheme.com/themes/proland/min/c62e0.js]
[ninetheme.com/themes/proland/wp-content/uploads/2016/08/blog-1.jpg]
[ninetheme.com/themes/proland/wp-content/uploads/2016/05/cropped-trophy-32x32.png]
[ninetheme.com/themes/proland/wp-content/uploads/2016/05/cropped-trophy-192x192.png]
[ninetheme.com/themes/proland/wp-content/uploads/2016/05/cropped-trophy-180x180.png]
[ninetheme.com/themes/proland/wp-content/uploads/2016/05/header-background.jpg]
[ninetheme.com/themes/proland/wp-content/uploads/2016/05/logo.png]
[ninetheme.com/themes/proland/wp-content/uploads/2016/05/apple-watch.png]
[ninetheme.com/themes/proland/wp-content/uploads/2016/05/apple-watch-2-1-347x499.png]
[ninetheme.com/themes/proland/wp-content/uploads/2016/05/desktop-106x106.png]
[ninetheme.com/themes/proland/wp-content/uploads/2016/05/toggles-106x106.png]
[ninetheme.com/themes/proland/wp-content/uploads/2016/05/trophy-106x106.png]
[ninetheme.com/themes/proland/wp-content/uploads/2016/05/apple-watch-3.png]
[ninetheme.com/themes/proland/wp-content/uploads/2016/06/collection-2-213x213.jpg]
[ninetheme.com/themes/proland/wp-content/uploads/2016/06/collection-3-213x213.jpg]
[ninetheme.com/themes/proland/wp-content/uploads/2016/06/collection-1-213x213.jpg]
[ninetheme.com/themes/proland/wp-content/uploads/2016/06/the-watch-1-291x524.png]
[ninetheme.com/themes/proland/wp-content/uploads/2016/06/the-watch-2-291x524.png]
[ninetheme.com/themes/proland/wp-content/uploads/2016/06/the-watch-3-291x524.png]
[ninetheme.com/themes/proland/wp-content/uploads/2016/05/the-watch.png]
[ninetheme.com/themes/proland/wp-content/uploads/2016/05/split-1.jpg]
[ninetheme.com/themes/proland/wp-content/uploads/2016/05/split-2.jpg]
[ninetheme.com/themes/proland/wp-content/themes/proland/images/quote.png]
[ninetheme.com/themes/proland/wp-content/uploads/2016/05/reviewer1.png]
[ninetheme.com/themes/proland/wp-content/uploads/2016/05/reviewer2.png]
[ninetheme.com/themes/proland/wp-content/uploads/2016/05/reviewer3.png]
[ninetheme.com/themes/proland/wp-content/uploads/2016/05/featured1.png]
[ninetheme.com/themes/proland/wp-content/uploads/2016/05/featured2.png]
[ninetheme.com/themes/proland/wp-content/uploads/2016/05/featured3.png]
[ninetheme.com/themes/proland/wp-content/uploads/2016/05/featured4.png]
[ninetheme.com/themes/proland/wp-content/uploads/2016/05/featured5.png]
[ninetheme.com/themes/proland/wp-content/uploads/2016/05/featured6.png]
[ninetheme.com/themes/proland/wp-content/uploads/2016/05/team-1.jpg]
[ninetheme.com/themes/proland/wp-content/uploads/2016/05/team-2.jpg]
[ninetheme.com/themes/proland/wp-content/uploads/2016/05/team-3.jpg]
[ninetheme.com/themes/proland/wp-content/uploads/2016/05/team-4.jpg]
[ninetheme.com/themes/proland/wp-content/uploads/2016/05/app-store.png]
[ninetheme.com/themes/proland/wp-content/uploads/2016/05/google-play.png]
[ninetheme.com/themes/proland/wp-content/uploads/2016/05/app-screen.png]
[ninetheme.com/cdn-cgi/scripts/5c5dd728/cloudflare-static/email-decode.min.js]
[ninetheme.com/themes/proland/homepage-mailchimb/index.html]
[use.fontawesome.com/releases/v5.13.0/css/all.css]
[use.fontawesome.com/releases/v5.13.0/css/v4-shims.css]
[ninetheme.com/themes/proland/min/6d1d3.js]
[ninetheme.com/themes/proland/wp-content/plugins/contact-form-7/images/ajax-loader.gif]
[ninetheme.com/themes/proland/wp-content/themes/proland/images/raster.png]
[ninetheme.com/themes/proland/wp-content/themes/proland/images/raster@2x.png]
[ninetheme.com/themes/proland/wp-content/themes/proland/images/raster_dot.png]
[ninetheme.com/themes/proland/wp-content/themes/proland/images/raster_dot@2x.png]
[ninetheme.com/themes/proland/wp-content/themes/proland/images/right-angle.png]
[ninetheme.com/themes/proland/wp-content/themes/proland/images/check.png]
[ninetheme.com/themes/proland/wp-content/themes/proland/images/right-angle2.png]
[ninetheme.com/themes/proland/wp-content/plugins/js_composer/assets/vc/alert.png]
[ninetheme.com/themes/proland/wp-content/plugins/js_composer/assets/vc/info.png]
[ninetheme.com/themes/proland/wp-content/plugins/js_composer/assets/vc/tick.png]
[ninetheme.com/themes/proland/wp-content/plugins/js_composer/assets/vc/exclamation.png]
[ninetheme.com/themes/proland/wp-content/plugins/js_composer/assets/images/icons/address-book.png]
[ninetheme.com/themes/proland/wp-content/plugins/js_composer/assets/images/icons/alarm-clock.png]
[ninetheme.com/themes/proland/wp-content/plugins/js_composer/assets/images/icons/anchor.png]
[ninetheme.com/themes/proland/wp-content/plugins/js_composer/assets/images/icons/application-image.png]
[ninetheme.com/themes/proland/wp-content/plugins/js_composer/assets/images/icons/arrow.png]
[ninetheme.com/themes/proland/wp-content/plugins/js_composer/assets/images/icons/asterisk.png]
[ninetheme.com/themes/proland/wp-content/plugins/js_composer/assets/images/icons/auction-hammer.png]
[ninetheme.com/themes/proland/wp-content/plugins/js_composer/assets/images/icons/balloon.png]
[ninetheme.com/themes/proland/wp-content/plugins/js_composer/assets/images/icons/balloon-buzz.png]
[ninetheme.com/themes/proland/wp-content/plugins/js_composer/assets/images/icons/balloon-facebook.png]
[ninetheme.com/themes/proland/wp-content/plugins/js_composer/assets/images/icons/balloon-twitter.png]
[ninetheme.com/themes/proland/wp-content/plugins/js_composer/assets/images/icons/battery-full.png]
[ninetheme.com/themes/proland/wp-content/plugins/js_composer/assets/images/icons/binocular.png]
[ninetheme.com/themes/proland/wp-content/plugins/js_composer/assets/images/icons/blue-document-excel.png]
[ninetheme.com/themes/proland/wp-content/plugins/js_composer/assets/images/icons/blue-document-image.png]
[ninetheme.com/themes/proland/wp-content/plugins/js_composer/assets/images/icons/blue-document-music.png]
[ninetheme.com/themes/proland/wp-content/plugins/js_composer/assets/images/icons/blue-document-office.png]
[ninetheme.com/themes/proland/wp-content/plugins/js_composer/assets/images/icons/blue-document-pdf.png]
[ninetheme.com/themes/proland/wp-content/plugins/js_composer/assets/images/icons/blue-document-powerpoint.png]
[ninetheme.com/themes/proland/wp-content/plugins/js_composer/assets/images/icons/blue-document-word.png]
[ninetheme.com/themes/proland/wp-content/plugins/js_composer/assets/images/icons/bookmark.png]
[ninetheme.com/themes/proland/wp-content/plugins/js_composer/assets/images/icons/camcorder.png]
[ninetheme.com/themes/proland/wp-content/plugins/js_composer/assets/images/icons/camera.png]
[ninetheme.com/themes/proland/wp-content/plugins/js_composer/assets/images/icons/chart.png]
[ninetheme.com/themes/proland/wp-content/plugins/js_composer/assets/images/icons/chart-pie.png]
[ninetheme.com/themes/proland/wp-content/plugins/js_composer/assets/images/icons/clock.png]
[ninetheme.com/themes/proland/wp-content/plugins/js_composer/assets/images/icons/control.png]
[ninetheme.com/themes/proland/wp-content/plugins/js_composer/assets/images/icons/fire.png]
[ninetheme.com/themes/proland/wp-content/plugins/js_composer/assets/images/icons/heart.png]
[ninetheme.com/themes/proland/wp-content/plugins/js_composer/assets/images/icons/mail.png]
[ninetheme.com/themes/proland/wp-content/plugins/js_composer/assets/images/icons/plus-shield.png]
[ninetheme.com/themes/proland/wp-content/plugins/js_composer/assets/images/icons/video.png]
[ninetheme.com/themes/proland/wp-content/plugins/js_composer/assets/images/toggle_open.png]
[ninetheme.com/themes/proland/wp-content/plugins/js_composer/assets/images/toggle_close.png]
[ninetheme.com/themes/proland/wp-content/plugins/js_composer/assets/images/flickr.png]
[ninetheme.com/themes/proland/wp-content/plugins/js_composer/assets/images/spinner.gif]
[ninetheme.com/themes/proland/wp-content/plugins/js_composer/assets/vc/remove.png]
[ninetheme.com/themes/proland/min/20901.css]
